<?xml version="1.0" encoding="UTF-8"?>
<testsuites>
  <testsuite name="D:\collage\mata-kuliah\semester-6\aplikasi-berbasis-platform\project\halositek-backoffice\phpunit.xml" tests="13" assertions="23" errors="0" failures="0" skipped="0" time="2.861849">
    <testsuite name="Unit" tests="1" assertions="1" errors="0" failures="0" skipped="0" time="0.004340">
      <testsuite name="Tests\Unit\ExampleTest" file="Example (Tests\Unit\Example)" tests="1" assertions="1" errors="0" failures="0" skipped="0" time="0.004340">
        <testcase name="That true is true" file="Example (Tests\Unit\Example)::That true is true" class="Tests\Unit\ExampleTest" classname="Tests.Unit.ExampleTest" assertions="1" time="0.004340"/>
      </testsuite>
    </testsuite>
    <testsuite name="Feature" tests="12" assertions="22" errors="0" failures="0" skipped="0" time="2.857509">
      <testsuite name="Tests\Feature\Actions\CreateUserActionTest" file="tests\Feature\Actions\CreateUserActionTest.php" tests="2" assertions="6" errors="0" failures="0" skipped="0" time="0.715345">
        <testcase name="it creates a user from DTO" file="tests\Feature\Actions\CreateUserActionTest.php::it creates a user from DTO" class="Tests\Feature\Actions\CreateUserActionTest" classname="Tests.Feature.Actions.CreateUserActionTest" assertions="4" time="0.673252"/>
        <testcase name="it hashes the password when creating user" file="tests\Feature\Actions\CreateUserActionTest.php::it hashes the password when creating user" class="Tests\Feature\Actions\CreateUserActionTest" classname="Tests.Feature.Actions.CreateUserActionTest" assertions="2" time="0.042094"/>
      </testsuite>
      <testsuite name="Tests\Feature\Api\V1\AuthApiTest" file="tests\Feature\Api\V1\AuthApiTest.php" tests="5" assertions="11" errors="0" failures="0" skipped="0" time="1.384928">
        <testcase name="it can login with valid credentials" file="tests\Feature\Api\V1\AuthApiTest.php::it can login with valid credentials" class="Tests\Feature\Api\V1\AuthApiTest" classname="Tests.Feature.Api.V1.AuthApiTest" assertions="4" time="0.384475"/>
        <testcase name="it cannot login with invalid credentials" file="tests\Feature\Api\V1\AuthApiTest.php::it cannot login with invalid credentials" class="Tests\Feature\Api\V1\AuthApiTest" classname="Tests.Feature.Api.V1.AuthApiTest" assertions="2" time="0.226947"/>
        <testcase name="it can get authenticated user profile" file="tests\Feature\Api\V1\AuthApiTest.php::it can get authenticated user profile" class="Tests\Feature\Api\V1\AuthApiTest" classname="Tests.Feature.Api.V1.AuthApiTest" assertions="2" time="0.215034"/>
        <testcase name="it can logout" file="tests\Feature\Api\V1\AuthApiTest.php::it can logout" class="Tests\Feature\Api\V1\AuthApiTest" classname="Tests.Feature.Api.V1.AuthApiTest" assertions="2" time="0.260436"/>
        <testcase name="it returns 401 for unauthenticated requests" file="tests\Feature\Api\V1\AuthApiTest.php::it returns 401 for unauthenticated requests" class="Tests\Feature\Api\V1\AuthApiTest" classname="Tests.Feature.Api.V1.AuthApiTest" assertions="1" time="0.298034"/>
      </testsuite>
      <testsuite name="Tests\Feature\ArchTest" file="tests\Feature\ArchTest.php" tests="4" assertions="4" errors="0" failures="0" skipped="0" time="0.504867">
        <testcase name="actions must be final classes" file="tests\Feature\ArchTest.php::actions must be final classes" class="Tests\Feature\ArchTest" classname="Tests.Feature.ArchTest" assertions="1" time="0.108375"/>
        <testcase name="DTOs must be readonly classes" file="tests\Feature\ArchTest.php::DTOs must be readonly classes" class="Tests\Feature\ArchTest" classname="Tests.Feature.ArchTest" assertions="1" time="0.045405"/>
        <testcase name="no debugging statements" file="tests\Feature\ArchTest.php::no debugging statements" class="Tests\Feature\ArchTest" classname="Tests.Feature.ArchTest" assertions="1" time="0.304273"/>
        <testcase name="controllers must extend base controller" file="tests\Feature\ArchTest.php::controllers must extend base controller" class="Tests\Feature\ArchTest" classname="Tests.Feature.ArchTest" assertions="1" time="0.046814"/>
      </testsuite>
      <testsuite name="Tests\Feature\ExampleTest" file="Example (Tests\Feature\Example)" tests="1" assertions="1" errors="0" failures="0" skipped="0" time="0.252369">
        <testcase name="The application returns a successful response" file="Example (Tests\Feature\Example)::The application returns a successful response" class="Tests\Feature\ExampleTest" classname="Tests.Feature.ExampleTest" assertions="1" time="0.252369"/>
      </testsuite>
    </testsuite>
  </testsuite>
</testsuites>
